

> @extension/storage@0.1.13 ready /Users/Nilesh_Shinde/iSpace/n-assistant/packages/storage
> node build.mjs

/Users/Nilesh_Shinde/iSpace/n-assistant/node_modules/esbuild/lib/main.js:1750
        throw new Error(`The package "${pkg}" could not be found, and is needed by esbuild.
              ^

Error: The package "@esbuild/darwin-arm64" could not be found, and is needed by esbuild.

If you are installing esbuild with npm, make sure that you don't specify the
"--no-optional" or "--omit=optional" flags. The "optionalDependencies" feature
of "package.json" is used by esbuild to install the correct binary executable
for your current platform.
    at generateBinPath (/Users/Nilesh_Shinde/iSpace/n-assistant/node_modules/[4mesbuild[24m/lib/main.js:1750:15)
    at esbuildCommandAndArgs (/Users/Nilesh_Shinde/iSpace/n-assistant/node_modules/[4mesbuild[24m/lib/main.js:1820:33)
    at ensureServiceIsRunning (/Users/Nilesh_Shinde/iSpace/n-assistant/node_modules/[4mesbuild[24m/lib/main.js:1977:25)
    at Object.build (/Users/Nilesh_Shinde/iSpace/n-assistant/node_modules/[4mesbuild[24m/lib/main.js:1876:26)
    at [90mfile:///Users/Nilesh_Shinde/iSpace/n-assistant/packages/storage/[39mbuild.mjs:15:15
[90m    at ModuleJob.run (node:internal/modules/esm/module_job:271:25)[39m
[90m    at async onImport.tracePromise.__proto__ (node:internal/modules/esm/loader:578:26)[39m
[90m    at async asyncRunEntryPointWithESMLoader (node:internal/modules/run_main:116:5)[39m

Node.js v22.14.0
[41m[30m ELIFECYCLE [39m[49m [31mCommand failed with exit code 1.[39m
